../Core/Src/stm32h7xx_hal_msp.c:63:6:HAL_MspInit	8	static
../Core/Src/stm32h7xx_hal_msp.c:86:6:HAL_ADC_MspInit	64	static
../Core/Src/stm32h7xx_hal_msp.c:188:6:HAL_ADC_MspDeInit	8	static
../Core/Src/stm32h7xx_hal_msp.c:259:6:HAL_ETH_MspInit	80	static
../Core/Src/stm32h7xx_hal_msp.c:361:6:HAL_ETH_MspDeInit	8	static
../Core/Src/stm32h7xx_hal_msp.c:422:6:HAL_FDCAN_MspInit	240	static
../Core/Src/stm32h7xx_hal_msp.c:509:6:HAL_FDCAN_MspDeInit	0	static
../Core/Src/stm32h7xx_hal_msp.c:562:6:HAL_I2C_MspInit	232	static
../Core/Src/stm32h7xx_hal_msp.c:608:6:HAL_I2C_MspDeInit	8	static
../Core/Src/stm32h7xx_hal_msp.c:639:6:HAL_LTDC_MspInit	248	static
../Core/Src/stm32h7xx_hal_msp.c:748:6:HAL_LTDC_MspDeInit	8	static
../Core/Src/stm32h7xx_hal_msp.c:814:6:HAL_QSPI_MspInit	256	static
../Core/Src/stm32h7xx_hal_msp.c:888:6:HAL_QSPI_MspDeInit	8	static
../Core/Src/stm32h7xx_hal_msp.c:925:6:HAL_RTC_MspInit	200	static
../Core/Src/stm32h7xx_hal_msp.c:958:6:HAL_RTC_MspDeInit	0	static
../Core/Src/stm32h7xx_hal_msp.c:980:6:HAL_MMC_MspInit	256	static
../Core/Src/stm32h7xx_hal_msp.c:1052:6:HAL_MMC_MspDeInit	8	static
../Core/Src/stm32h7xx_hal_msp.c:1094:6:HAL_SPI_MspInit	248	static
../Core/Src/stm32h7xx_hal_msp.c:1166:6:HAL_SPI_MspDeInit	8	static
../Core/Src/stm32h7xx_hal_msp.c:1201:6:HAL_UART_MspInit	232	static
../Core/Src/stm32h7xx_hal_msp.c:1248:6:HAL_UART_MspDeInit	0	static
../Core/Src/stm32h7xx_hal_msp.c:1277:6:HAL_PCD_MspInit	240	static
../Core/Src/stm32h7xx_hal_msp.c:1333:6:HAL_PCD_MspDeInit	0	static
../Core/Src/stm32h7xx_hal_msp.c:1468:6:HAL_SDRAM_MspInit	240	static
../Core/Src/stm32h7xx_hal_msp.c:1552:6:HAL_SDRAM_MspDeInit	8	static
../Core/Src/stm32h7xx_hal_msp.c:1564:6:HAL_SAI_MspInit	232	static
../Core/Src/stm32h7xx_hal_msp.c:1635:6:HAL_SAI_MspDeInit	8	static
