../Core/Src/cg9a01.c:41:7:Write_Cmd_Data	16	static
../Core/Src/cg9a01.c:54:6:Write_Cmd	16	static
../Core/Src/cg9a01.c:67:7:Write_Data_U16	24	static
../Core/Src/cg9a01.c:79:6:Write_Data	16	static
../Core/Src/cg9a01.c:91:6:Write_Bytes	16	static
../Core/Src/cg9a01.c:102:19:SPI_Write	24	static
../Core/Src/cg9a01.c:137:19:SPI_Read	24	static
../Core/Src/cg9a01.c:154:6:GC9A01_Initial	8	static
../Core/Src/cg9a01.c:412:6:ClearScreen	24	static
../Core/Src/cg9a01.c:429:6:ClearScreen2	24	static
../Core/Src/cg9a01.c:434:6:ClearWindow	88	dynamic
../Core/Src/cg9a01.c:469:7:LCD_SetPos	24	static
../Core/Src/cg9a01.c:497:7:showzifu	32	static
../Core/Src/cg9a01.c:522:8:showzifu_dma_scaled	88	dynamic
../Core/Src/cg9a01.c:564:8:showzifustr_scaled	40	static
../Core/Src/cg9a01.c:577:7:showzifu_dma	80	dynamic
../Core/Src/cg9a01.c:615:7:showzifustr	40	static
../Core/Src/cg9a01.c:630:7:LCD_DrawPoint	24	static
../Core/Src/cg9a01.c:637:7:LCD_DrawLine	64	static
../Core/Src/cg9a01.c:673:7:LCD_DrawRectangle	32	static
../Core/Src/cg9a01.c:682:7:Draw_Circle	32	static
../Core/Src/cg9a01.c:705:7:Draw_Arc_DMA	88	dynamic
../Core/Src/cg9a01.c:767:7:Draw_Filled_Circle_DMA	88	dynamic
../Core/Src/cg9a01.c:813:7:drawCircleDMA	80	dynamic
../Core/Src/cg9a01.c:889:7:DispRGBGray	40	static
../Core/Src/cg9a01.c:970:7:show_picture	16	static
../Core/Src/cg9a01.c:991:7:show_picture2	48	static
../Core/Src/cg9a01.c:1086:7:inversPicData	16	static
../Core/Src/cg9a01.c:1098:7:Draw_Arc	64	static
