../Core/Src/oximeter5custom.c:67:7:oximeter5_init	8	static
../Core/Src/oximeter5custom.c:82:7:oximeter5_default_cfg	24	static
../Core/Src/oximeter5custom.c:142:7:oximeter5_generic_write	288	static
../Core/Src/oximeter5custom.c:166:7:oximeter5_generic_read	24	static
../Core/Src/oximeter5custom.c:187:9:oximeter5_check_interrupt	8	static
../Core/Src/oximeter5custom.c:193:7:oximeter5_sw_reset	16	static
../Core/Src/oximeter5custom.c:203:7:oximeter5_read_temperature	24	static
../Core/Src/oximeter5custom.c:228:7:oximeter5_set_fifo_wr_pointer	16	static
../Core/Src/oximeter5custom.c:233:7:oximeter5_set_fifo_rd_pointer	16	static
../Core/Src/oximeter5custom.c:238:7:oximeter5_set_fifo_cfg	24	static
../Core/Src/oximeter5custom.c:249:7:oximeter5_set_mode_cfg	16	static
../Core/Src/oximeter5custom.c:256:7:oximeter5_set_spo2_cfg	24	static
../Core/Src/oximeter5custom.c:267:7:oximeter5_read_sensor_data	24	static
../Core/Src/oximeter5custom.c:290:7:oximeter5_get_oxygen_saturation	1040	static
../Core/Src/oximeter5custom.c:460:7:oximeter5_get_heart_rate	552	static
../Core/Src/oximeter5custom.c:540:13:dev_peaks_above_min_height	32	static
../Core/Src/oximeter5custom.c:576:13:dev_sort_indices_descend	40	static
../Core/Src/oximeter5custom.c:594:13:dev_sort_ascend	32	static
../Core/Src/oximeter5custom.c:612:13:dev_remove_close_peaks	40	static
../Core/Src/oximeter5custom.c:637:13:dev_find_peaks	32	static
